Microsoft Windows [Version 10.0.22631.4460]
(c) Microsoft Corporation. All rights reserved.

C:\Users\arush>git init
Reinitialized existing Git repository in C:/Users/arush/.git/

C:\Users\arush>echo "Hello, this is a test file." > file.txt

C:\Users\arush>git add file.txt

C:\Users\arush>git commit -m "Initial commit with file.txt"
[feature-branch 89bf505] Initial commit with file.txt
 1 file changed, 1 insertion(+), 1 deletion(-)

C:\Users\arush>git checkout -b new-feature
Switched to a new branch 'new-feature'

C:\Users\arush>git remote add origin https://github.com/11Arushi/Assignment2.git
error: remote origin already exists.

C:\Users\arush>git push -u origin new-feature
Enumerating objects: 5, done.
Counting objects: 100% (5/5), done.
Writing objects: 100% (3/3), 286 bytes | 143.00 KiB/s, done.
Total 3 (delta 0), reused 0 (delta 0), pack-reused 0 (from 0)
remote:
remote: Create a pull request for 'new-feature' on GitHub by visiting:
remote:      https://github.com/11Arushi/Assignment2/pull/new/new-feature
remote:
To https://github.com/11Arushi/Assignment2.git
 * [new branch]      new-feature -> new-feature
branch 'new-feature' set up to track 'origin/new-feature'.

GitHub link:- https://github.com/11Arushi/Assignment2